// Jest Snapshot v1, https://goo.gl/fbAQLP

exports[`getPalette matches snapshot 1`] = `
Array [
  Array [
    245.47941244784906,
    35.38012362568841,
    38.769998350045114,
  ],
  Array [
    239.41387434330122,
    142.53473842464354,
    55.597169584742026,
  ],
  Array [
    48.5757696794788,
    176.37093542504869,
    155.72225005778623,
  ],
  Array [
    225.9497175004544,
    158.68869438908024,
    128.0015146932828,
  ],
  Array [
    114.26131572629866,
    177.77638243665783,
    218.73957466793604,
  ],
]
`;
