// Jest Snapshot v1, https://goo.gl/fbAQLP

exports[`kmeans matches snapshot 1`] = `
Array [
  Object {
    "count": 2731,
    "x": 13.589797352269795,
    "y": 2.4418455704663105,
    "z": -0.9805334640561165,
  },
  Object {
    "count": 4803,
    "x": 56.53537330534744,
    "y": 42.42230747663517,
    "z": 45.737966169693614,
  },
  Object {
    "count": 3346,
    "x": 76.60102753535544,
    "y": 0.6589080592547374,
    "z": 14.062375232359388,
  },
]
`;
